exports[`test renders something 1`] = `
<div>
  React simple starter
</div>
`;
